testing test-results
